This is pdfTeX, Version 3.141592653-2.6-1.40.29 (TeX Live 2026/Arch Linux) (preloaded format=pdflatex)
 restricted \write18 enabled.
entering extended mode
(./main.tex
LaTeX2e <2025-11-01>
L3 programming layer <2026-01-19>
(/usr/share/texmf-dist/tex/latex/acmart/acmart.cls
Document Class: acmart 2025/08/27 v2.16 Typesetting articles for the Associatio
n for Computing Machinery
(/usr/share/texmf-dist/tex/latex/xkeyval/xkeyval.sty
(/usr/share/texmf-dist/tex/generic/xkeyval/xkeyval.tex
(/usr/share/texmf-dist/tex/generic/xkeyval/xkvutils.tex
(/usr/share/texmf-dist/tex/generic/xkeyval/keyval.tex))))
(/usr/share/texmf-dist/tex/generic/xstring/xstring.sty
(/usr/share/texmf-dist/tex/generic/xstring/xstring.tex))
(/usr/share/texmf-dist/tex/generic/iftex/iftex.sty)
(/usr/share/texmf-dist/tex/latex/amscls/amsart.cls
Document Class: amsart 2020/05/29 v2.20.6
(/usr/share/texmf-dist/tex/latex/amsmath/amsmath.sty
For additional information on amsmath, use the `?' option.
(/usr/share/texmf-dist/tex/latex/amsmath/amstext.sty
(/usr/share/texmf-dist/tex/latex/amsmath/amsgen.sty))
(/usr/share/texmf-dist/tex/latex/amsmath/amsbsy.sty)
(/usr/share/texmf-dist/tex/latex/amsmath/amsopn.sty))
(/usr/share/texmf-dist/tex/latex/amsfonts/umsa.fd)
(/usr/share/texmf-dist/tex/latex/amsfonts/amsfonts.sty))
(/usr/share/texmf-dist/tex/latex/microtype/microtype.sty
(/usr/share/texmf-dist/tex/latex/etoolbox/etoolbox.sty)
(/usr/share/texmf-dist/tex/latex/microtype/microtype-pdftex.def)
(/usr/share/texmf-dist/tex/latex/microtype/microtype.cfg))
(/usr/share/texmf-dist/tex/latex/booktabs/booktabs.sty)
(/usr/share/texmf-dist/tex/latex/refcount/refcount.sty
(/usr/share/texmf-dist/tex/generic/ltxcmds/ltxcmds.sty)
(/usr/share/texmf-dist/tex/generic/infwarerr/infwarerr.sty))
(/usr/share/texmf-dist/tex/latex/totpages/totpages.sty
(/usr/share/texmf-dist/tex/latex/everyshi/everyshi.sty))
(/usr/share/texmf-dist/tex/latex/environ/environ.sty
(/usr/share/texmf-dist/tex/latex/trimspaces/trimspaces.sty))
(/usr/share/texmf-dist/tex/latex/natbib/natbib.sty)
(/usr/share/texmf-dist/tex/latex/hyperref/hyperref.sty
(/usr/share/texmf-dist/tex/latex/kvsetkeys/kvsetkeys.sty)
(/usr/share/texmf-dist/tex/generic/kvdefinekeys/kvdefinekeys.sty)
(/usr/share/texmf-dist/tex/generic/pdfescape/pdfescape.sty
(/usr/share/texmf-dist/tex/generic/pdftexcmds/pdftexcmds.sty))
(/usr/share/texmf-dist/tex/latex/hycolor/hycolor.sty)
(/usr/share/texmf-dist/tex/latex/hyperref/nameref.sty
(/usr/share/texmf-dist/tex/generic/gettitlestring/gettitlestring.sty
(/usr/share/texmf-dist/tex/latex/kvoptions/kvoptions.sty)))
(/usr/share/texmf-dist/tex/generic/stringenc/stringenc.sty)
(/usr/share/texmf-dist/tex/latex/hyperref/pd1enc.def)
(/usr/share/texmf-dist/tex/generic/intcalc/intcalc.sty)
(/usr/share/texmf-dist/tex/latex/hyperref/puenc.def)
(/usr/share/texmf-dist/tex/latex/url/url.sty)
(/usr/share/texmf-dist/tex/generic/bitset/bitset.sty
(/usr/share/texmf-dist/tex/generic/bigintcalc/bigintcalc.sty)))
(/usr/share/texmf-dist/tex/latex/hyperref/hpdftex.def
(/usr/share/texmf-dist/tex/latex/rerunfilecheck/rerunfilecheck.sty
(/usr/share/texmf-dist/tex/generic/uniquecounter/uniquecounter.sty)))
(/usr/share/texmf-dist/tex/latex/hyperxmp/hyperxmp.sty
(/usr/share/texmf-dist/tex/latex/ifmtarg/ifmtarg.sty)
(/usr/share/texmf-dist/tex/latex/base/ifthen.sty)
(/usr/share/texmf-dist/tex/latex/oberdiek/ifdraft.sty)
(/usr/share/texmf-dist/tex/generic/iftex/ifluatex.sty))
(/usr/share/texmf-dist/tex/latex/graphics/graphicx.sty
(/usr/share/texmf-dist/tex/latex/graphics/graphics.sty
(/usr/share/texmf-dist/tex/latex/graphics/trig.sty)
(/usr/share/texmf-dist/tex/latex/graphics-cfg/graphics.cfg)
(/usr/share/texmf-dist/tex/latex/graphics-def/pdftex.def)))
(/usr/share/texmf-dist/tex/latex/xcolor/xcolor.sty
(/usr/share/texmf-dist/tex/latex/graphics-cfg/color.cfg)
(/usr/share/texmf-dist/tex/latex/graphics/mathcolor.ltx))
(/usr/share/texmf-dist/tex/latex/geometry/geometry.sty
(/usr/share/texmf-dist/tex/generic/iftex/ifvtex.sty))
(/usr/share/texmf-dist/tex/latex/ncctools/manyfoot.sty
(/usr/share/texmf-dist/tex/latex/ncctools/nccfoots.sty))
(/usr/share/texmf-dist/tex/generic/pdftex/glyphtounicode.tex)
(/usr/share/texmf-dist/tex/latex/cmap/cmap.sty)
(/usr/share/texmf-dist/tex/latex/base/fontenc.sty<<t1.cmap>>)
(/usr/share/texmf-dist/tex/latex/libertine/libertine.sty
(/usr/share/texmf-dist/tex/generic/iftex/ifxetex.sty)
(/usr/share/texmf-dist/tex/latex/base/textcomp.sty)
(/usr/share/texmf-dist/tex/latex/base/fontenc.sty)
(/usr/share/texmf-dist/tex/latex/fontaxes/fontaxes.sty
(/usr/share/texmf-dist/tex/latex/figureversions/figureversions.sty))
(/usr/share/texmf-dist/tex/latex/libertine/LinLibertine_I.tex))
(/usr/share/texmf-dist/tex/latex/inconsolata/zi4.sty
`inconsolata-zi4' v1.12, 2019/05/17 Text macros for Inconsolata (msharpe))
(/usr/share/texmf-dist/tex/latex/newtx/newtxmath.sty
`newtxmath' v1.754, 2024/09/22 Math macros based originally on txfonts (msharpe
) (/usr/share/texmf-dist/tex/latex/oberdiek/centernot.sty)
(/usr/share/texmf-dist/tex/generic/kastrup/binhex.tex)
amsthm NOT loaded
) (/usr/share/texmf-dist/tex/latex/caption/caption.sty
(/usr/share/texmf-dist/tex/latex/caption/caption3.sty
(/usr/share/texmf-dist/tex/latex/caption/caption-ams-smf.sto)))
(/usr/share/texmf-dist/tex/latex/float/float.sty)
(/usr/share/texmf-dist/tex/latex/comment/comment.sty
Excluding comment 'comment') Excluding comment 'CCSXML'
(/usr/share/texmf-dist/tex/latex/fancyhdr/fancyhdr.sty) Special comment 'acks'
(/usr/share/texmf-dist/tex/latex/libertine/T1LinuxLibertineT-TLF.fd))
(/usr/share/texmf-dist/tex/generic/babel/babel.sty
(/usr/share/texmf-dist/tex/generic/babel/txtbabel.def)
(/usr/share/texmf-dist/tex/generic/babel/locale/invalid/babel-ngerman.tex)
(/usr/share/texmf-dist/tex/generic/babel-german/ngerman.ldf
(/usr/share/texmf-dist/tex/generic/babel-german/babel-german.def)))
(/usr/share/texmf-dist/tex/latex/preprint/balance.sty)
Excluding comment 'screenonly' Include comment 'printonly'
Include comment 'anonsuppress'
(/usr/share/texmf-dist/tex/latex/l3backend/l3backend-pdftex.def)
No file main.aux.
(/usr/share/texmf-dist/tex/latex/newtx/omlnxlmi.fd)
(/usr/share/texmf-dist/tex/latex/newtx/untxexa.fd)
(/usr/share/texmf-dist/tex/latex/newtx/lmsntxsy.fd)
(/usr/share/texmf-dist/tex/latex/newtx/lmxntxexx.fd)
(/usr/share/texmf-dist/tex/latex/libertine/OT1LinuxLibertineT-TLF.fd)<<ot1.cmap
>><<oml.cmap>> (/usr/share/texmf-dist/tex/latex/amsfonts/umsa.fd)
(/usr/share/texmf-dist/tex/latex/amsfonts/umsb.fd)
(/usr/share/texmf-dist/tex/latex/newtx/untxmia.fd)
(/usr/share/texmf-dist/tex/latex/newtx/untxsym.fd)
(/usr/share/texmf-dist/tex/latex/newtx/untxsyc.fd)
(/usr/share/texmf-dist/tex/context/base/mkii/supp-pdf.mkii
[Loading MPS to PDF converter (version 2006.09.02).]
) (/usr/share/texmf-dist/tex/latex/epstopdf-pkg/epstopdf-base.sty
(/usr/share/texmf-dist/tex/latex/latexconfig/epstopdf-sys.cfg))
*geometry* driver: auto-detecting
*geometry* detected driver: pdftex
(/usr/share/texmf-dist/tex/latex/upquote/upquote.sty)
(/usr/share/texmf-dist/tex/latex/libertine/T1LinuxBiolinumT-TLF.fd)
(/usr/share/texmf-dist/tex/latex/microtype/mt-msa.cfg)
(/usr/share/texmf-dist/tex/latex/microtype/mt-msb.cfg)
Overfull \hbox (3.71657pt too wide) in paragraph at lines 63--63
\T1/LinuxLibertineT-TLF/m/n/9 (-20) Platzhalter. Kur-ze Zu-sam-men-fas-sung: Fr
a-ge-stel-lung, Vor-ge-hen, wich-

Overfull \hbox (20.40916pt too wide) in paragraph at lines 67--68
\T1/LinuxLibertineT-TLF/m/n/9 (-20) Kurs, Auf-ga-be, warum der Agent im La-by-r
inth schei-tert, T1-Fragestellung. 
No file main.bbl.
[1.1{/var/lib/texmf/fonts/map/pdftex/updmap/pdftex.map}{/usr/share/texmf-dist/f
onts/enc/dvips/libertine/lbtn_25tcsq.enc}{/usr/share/texmf-dist/fonts/enc/dvips
/libertine/lbtn_76gpa5.enc}{/usr/share/texmf-dist/fonts/enc/dvips/libertine/lbt
n_nh77jq.enc}] (/usr/share/texmf-dist/tex/generic/stringenc/se-pdfdoc.def)
(/usr/share/texmf-dist/tex/generic/stringenc/se-utf8.def) [2.1] (./main.aux)

LaTeX Warning: Label(s) may have changed. Rerun to get cross-references right.


LaTeX Warning: Temporary extra page added at the end. Rerun to get it removed.


Package rerunfilecheck Warning: File `main.out' has changed.
(rerunfilecheck)                Rerun to get outlines right
(rerunfilecheck)                or use package `bookmark'.

 )
(see the transcript file for additional information)</usr/share/texmf-dist/font
s/type1/public/libertine/LinBiolinumT.pfb></usr/share/texmf-dist/fonts/type1/pu
blic/libertine/LinBiolinumTB.pfb></usr/share/texmf-dist/fonts/type1/public/libe
rtine/LinLibertineT.pfb></usr/share/texmf-dist/fonts/type1/public/libertine/Lin
LibertineTB.pfb>
Output written on main.pdf (2 pages, 291539 bytes).
Transcript written on main.log.
